Archive member included because of file (symbol)

c:/freescale/kds_3.0.0/toolchain/bin/../lib/gcc/arm-none-eabi/4.8.4/../../../../arm-none-eabi/lib/armv7e-m\libg_s.a(lib_a-exit.o)
                              c:/freescale/kds_3.0.0/toolchain/bin/../lib/gcc/arm-none-eabi/4.8.4/../../../../arm-none-eabi/lib/armv7e-m/crt0.o (exit)
c:/freescale/kds_3.0.0/toolchain/bin/../lib/gcc/arm-none-eabi/4.8.4/../../../../arm-none-eabi/lib/armv7e-m\libg_s.a(lib_a-impure.o)
                              c:/freescale/kds_3.0.0/toolchain/bin/../lib/gcc/arm-none-eabi/4.8.4/../../../../arm-none-eabi/lib/armv7e-m\libg_s.a(lib_a-exit.o) (_global_impure_ptr)
c:/freescale/kds_3.0.0/toolchain/bin/../lib/gcc/arm-none-eabi/4.8.4/../../../../arm-none-eabi/lib/armv7e-m\libg_s.a(lib_a-init.o)
                              c:/freescale/kds_3.0.0/toolchain/bin/../lib/gcc/arm-none-eabi/4.8.4/../../../../arm-none-eabi/lib/armv7e-m/crt0.o (__libc_init_array)
c:/freescale/kds_3.0.0/toolchain/bin/../lib/gcc/arm-none-eabi/4.8.4/../../../../arm-none-eabi/lib/armv7e-m\libg_s.a(lib_a-memset.o)
                              c:/freescale/kds_3.0.0/toolchain/bin/../lib/gcc/arm-none-eabi/4.8.4/../../../../arm-none-eabi/lib/armv7e-m/crt0.o (memset)
c:/freescale/kds_3.0.0/toolchain/bin/../lib/gcc/arm-none-eabi/4.8.4/../../../../arm-none-eabi/lib/armv7e-m\libnosys.a(_exit.o)
                              c:/freescale/kds_3.0.0/toolchain/bin/../lib/gcc/arm-none-eabi/4.8.4/../../../../arm-none-eabi/lib/armv7e-m\libg_s.a(lib_a-exit.o) (_exit)

Allocating common symbols
Common symbol       size              file

queue               0xd0              ./Sources/Coder.o
beep_flag           0x4               ./Sources/Coder.o
timeUnit            0x4               ./Sources/Coder.o

Discarded input sections

 .text          0x00000000        0x0 c:/freescale/kds_3.0.0/toolchain/bin/../lib/gcc/arm-none-eabi/4.8.4/armv7e-m/crti.o
 .data          0x00000000        0x0 c:/freescale/kds_3.0.0/toolchain/bin/../lib/gcc/arm-none-eabi/4.8.4/armv7e-m/crti.o
 .bss           0x00000000        0x0 c:/freescale/kds_3.0.0/toolchain/bin/../lib/gcc/arm-none-eabi/4.8.4/armv7e-m/crti.o
 .data          0x00000000        0x4 c:/freescale/kds_3.0.0/toolchain/bin/../lib/gcc/arm-none-eabi/4.8.4/armv7e-m/crtbegin.o
 .data          0x00000000        0x0 c:/freescale/kds_3.0.0/toolchain/bin/../lib/gcc/arm-none-eabi/4.8.4/../../../../arm-none-eabi/lib/armv7e-m/crt0.o
 .bss           0x00000000        0x0 c:/freescale/kds_3.0.0/toolchain/bin/../lib/gcc/arm-none-eabi/4.8.4/../../../../arm-none-eabi/lib/armv7e-m/crt0.o
 .ARM.extab     0x00000000        0x0 c:/freescale/kds_3.0.0/toolchain/bin/../lib/gcc/arm-none-eabi/4.8.4/../../../../arm-none-eabi/lib/armv7e-m/crt0.o
 .group         0x00000000        0x8 ./Sources/Coder.o
 .group         0x00000000        0x8 ./Sources/Coder.o
 .group         0x00000000        0x8 ./Sources/Coder.o
 .group         0x00000000        0x8 ./Sources/Coder.o
 .group         0x00000000        0x8 ./Sources/Coder.o
 .group         0x00000000        0x8 ./Sources/Coder.o
 .group         0x00000000        0x8 ./Sources/Coder.o
 .group         0x00000000        0x8 ./Sources/Coder.o
 .group         0x00000000        0x8 ./Sources/Coder.o
 .group         0x00000000        0x8 ./Sources/Coder.o
 .group         0x00000000        0x8 ./Sources/Coder.o
 .group         0x00000000        0x8 ./Sources/Coder.o
 .group         0x00000000        0x8 ./Sources/Coder.o
 .group         0x00000000        0x8 ./Sources/Coder.o
 .group         0x00000000        0x8 ./Sources/Coder.o
 .group         0x00000000        0x8 ./Sources/Coder.o
 .group         0x00000000        0x8 ./Sources/Coder.o
 .group         0x00000000        0x8 ./Sources/Coder.o
 .group         0x00000000        0x8 ./Sources/Coder.o
 .group         0x00000000        0x8 ./Sources/Coder.o
 .group         0x00000000        0x8 ./Sources/Coder.o
 .group         0x00000000        0x8 ./Sources/Coder.o
 .group         0x00000000        0x8 ./Sources/Coder.o
 .group         0x00000000        0x8 ./Sources/Coder.o
 .text          0x00000000        0x0 ./Sources/Coder.o
 .data          0x00000000        0x0 ./Sources/Coder.o
 .bss           0x00000000        0x0 ./Sources/Coder.o
 .group         0x00000000        0x8 ./Sources/Keyboard.o
 .group         0x00000000        0x8 ./Sources/Keyboard.o
 .group         0x00000000        0x8 ./Sources/Keyboard.o
 .group         0x00000000        0x8 ./Sources/Keyboard.o
 .group         0x00000000        0x8 ./Sources/Keyboard.o
 .group         0x00000000        0x8 ./Sources/Keyboard.o
 .group         0x00000000        0x8 ./Sources/Keyboard.o
 .group         0x00000000        0x8 ./Sources/Keyboard.o
 .group         0x00000000        0x8 ./Sources/Keyboard.o
 .group         0x00000000        0x8 ./Sources/Keyboard.o
 .group         0x00000000        0x8 ./Sources/Keyboard.o
 .group         0x00000000        0x8 ./Sources/Keyboard.o
 .group         0x00000000        0x8 ./Sources/Keyboard.o
 .group         0x00000000        0x8 ./Sources/Keyboard.o
 .group         0x00000000        0x8 ./Sources/Keyboard.o
 .group         0x00000000        0x8 ./Sources/Keyboard.o
 .group         0x00000000        0x8 ./Sources/Keyboard.o
 .group         0x00000000        0x8 ./Sources/Keyboard.o
 .group         0x00000000        0x8 ./Sources/Keyboard.o
 .group         0x00000000        0x8 ./Sources/Keyboard.o
 .group         0x00000000        0x8 ./Sources/Keyboard.o
 .group         0x00000000        0x8 ./Sources/Keyboard.o
 .group         0x00000000        0x8 ./Sources/Keyboard.o
 .group         0x00000000        0x8 ./Sources/Keyboard.o
 .group         0x00000000        0x8 ./Sources/Keyboard.o
 .text          0x00000000        0x0 ./Sources/Keyboard.o
 .data          0x00000000        0x0 ./Sources/Keyboard.o
 .bss           0x00000000        0x0 ./Sources/Keyboard.o
 .debug_macro   0x00000000      0x84a ./Sources/Keyboard.o
 .debug_macro   0x00000000       0x16 ./Sources/Keyboard.o
 .debug_macro   0x00000000       0x16 ./Sources/Keyboard.o
 .debug_macro   0x00000000       0x53 ./Sources/Keyboard.o
 .debug_macro   0x00000000       0x3b ./Sources/Keyboard.o
 .debug_macro   0x00000000       0x2d ./Sources/Keyboard.o
 .debug_macro   0x00000000       0x26 ./Sources/Keyboard.o
 .debug_macro   0x00000000      0xa99 ./Sources/Keyboard.o
 .debug_macro   0x00000000       0x71 ./Sources/Keyboard.o
 .debug_macro   0x00000000    0x17cf8 ./Sources/Keyboard.o
 .debug_macro   0x00000000       0x58 ./Sources/Keyboard.o
 .debug_macro   0x00000000       0x35 ./Sources/Keyboard.o
 .debug_macro   0x00000000       0xa3 ./Sources/Keyboard.o
 .debug_macro   0x00000000      0x166 ./Sources/Keyboard.o
 .debug_macro   0x00000000       0x52 ./Sources/Keyboard.o
 .debug_macro   0x00000000       0x16 ./Sources/Keyboard.o
 .debug_macro   0x00000000       0x43 ./Sources/Keyboard.o
 .debug_macro   0x00000000      0x180 ./Sources/Keyboard.o
 .debug_macro   0x00000000      0x2a6 ./Sources/Keyboard.o
 .debug_macro   0x00000000       0x10 ./Sources/Keyboard.o
 .debug_macro   0x00000000       0x35 ./Sources/Keyboard.o
 .debug_macro   0x00000000       0x1c ./Sources/Keyboard.o
 .group         0x00000000        0x8 ./Sources/Queue.o
 .group         0x00000000        0x8 ./Sources/Queue.o
 .text          0x00000000        0x0 ./Sources/Queue.o
 .data          0x00000000        0x0 ./Sources/Queue.o
 .bss           0x00000000        0x0 ./Sources/Queue.o
 .debug_macro   0x00000000      0x84a ./Sources/Queue.o
 .debug_macro   0x00000000      0x166 ./Sources/Queue.o
 .group         0x00000000        0x8 ./Sources/Speaker.o
 .group         0x00000000        0x8 ./Sources/Speaker.o
 .group         0x00000000        0x8 ./Sources/Speaker.o
 .group         0x00000000        0x8 ./Sources/Speaker.o
 .group         0x00000000        0x8 ./Sources/Speaker.o
 .group         0x00000000        0x8 ./Sources/Speaker.o
 .group         0x00000000        0x8 ./Sources/Speaker.o
 .group         0x00000000        0x8 ./Sources/Speaker.o
 .group         0x00000000        0x8 ./Sources/Speaker.o
 .group         0x00000000        0x8 ./Sources/Speaker.o
 .group         0x00000000        0x8 ./Sources/Speaker.o
 .group         0x00000000        0x8 ./Sources/Speaker.o
 .group         0x00000000        0x8 ./Sources/Speaker.o
 .group         0x00000000        0x8 ./Sources/Speaker.o
 .text          0x00000000        0x0 ./Sources/Speaker.o
 .data          0x00000000        0x0 ./Sources/Speaker.o
 .bss           0x00000000        0x0 ./Sources/Speaker.o
 .debug_macro   0x00000000      0x84a ./Sources/Speaker.o
 .debug_macro   0x00000000       0x16 ./Sources/Speaker.o
 .debug_macro   0x00000000       0x16 ./Sources/Speaker.o
 .debug_macro   0x00000000       0x44 ./Sources/Speaker.o
 .debug_macro   0x00000000      0x209 ./Sources/Speaker.o
 .debug_macro   0x00000000       0x53 ./Sources/Speaker.o
 .debug_macro   0x00000000       0x3b ./Sources/Speaker.o
 .debug_macro   0x00000000       0x2d ./Sources/Speaker.o
 .debug_macro   0x00000000       0x26 ./Sources/Speaker.o
 .debug_macro   0x00000000      0xa99 ./Sources/Speaker.o
 .debug_macro   0x00000000       0x71 ./Sources/Speaker.o
 .debug_macro   0x00000000    0x17cf8 ./Sources/Speaker.o
 .debug_macro   0x00000000      0x166 ./Sources/Speaker.o
 .debug_macro   0x00000000       0x1c ./Sources/Speaker.o
 .group         0x00000000        0x8 ./Sources/main.o
 .group         0x00000000        0x8 ./Sources/main.o
 .group         0x00000000        0x8 ./Sources/main.o
 .group         0x00000000        0x8 ./Sources/main.o
 .group         0x00000000        0x8 ./Sources/main.o
 .group         0x00000000        0x8 ./Sources/main.o
 .group         0x00000000        0x8 ./Sources/main.o
 .group         0x00000000        0x8 ./Sources/main.o
 .group         0x00000000        0x8 ./Sources/main.o
 .group         0x00000000        0x8 ./Sources/main.o
 .group         0x00000000        0x8 ./Sources/main.o
 .group         0x00000000        0x8 ./Sources/main.o
 .group         0x00000000        0x8 ./Sources/main.o
 .group         0x00000000        0x8 ./Sources/main.o
 .group         0x00000000        0x8 ./Sources/main.o
 .group         0x00000000        0x8 ./Sources/main.o
 .group         0x00000000        0x8 ./Sources/main.o
 .group         0x00000000        0x8 ./Sources/main.o
 .group         0x00000000        0x8 ./Sources/main.o
 .group         0x00000000        0x8 ./Sources/main.o
 .group         0x00000000        0x8 ./Sources/main.o
 .group         0x00000000        0x8 ./Sources/main.o
 .group         0x00000000        0x8 ./Sources/main.o
 .group         0x00000000        0x8 ./Sources/main.o
 .group         0x00000000        0x8 ./Sources/main.o
 .text          0x00000000        0x0 ./Sources/main.o
 .data          0x00000000        0x0 ./Sources/main.o
 .bss           0x00000000        0x0 ./Sources/main.o
 .debug_macro   0x00000000      0x84a ./Sources/main.o
 .debug_macro   0x00000000       0x16 ./Sources/main.o
 .debug_macro   0x00000000       0x16 ./Sources/main.o
 .debug_macro   0x00000000       0x44 ./Sources/main.o
 .debug_macro   0x00000000      0x209 ./Sources/main.o
 .debug_macro   0x00000000       0x53 ./Sources/main.o
 .debug_macro   0x00000000       0x3b ./Sources/main.o
 .debug_macro   0x00000000       0x2d ./Sources/main.o
 .debug_macro   0x00000000       0x26 ./Sources/main.o
 .debug_macro   0x00000000      0xa99 ./Sources/main.o
 .debug_macro   0x00000000       0x71 ./Sources/main.o
 .debug_macro   0x00000000    0x17cf8 ./Sources/main.o
 .debug_macro   0x00000000       0x58 ./Sources/main.o
 .debug_macro   0x00000000       0x35 ./Sources/main.o
 .debug_macro   0x00000000       0xa3 ./Sources/main.o
 .debug_macro   0x00000000      0x166 ./Sources/main.o
 .debug_macro   0x00000000       0x52 ./Sources/main.o
 .debug_macro   0x00000000       0x16 ./Sources/main.o
 .debug_macro   0x00000000       0x43 ./Sources/main.o
 .debug_macro   0x00000000      0x180 ./Sources/main.o
 .debug_macro   0x00000000      0x2a6 ./Sources/main.o
 .debug_macro   0x00000000       0x10 ./Sources/main.o
 .debug_macro   0x00000000       0x35 ./Sources/main.o
 .debug_macro   0x00000000       0x1c ./Sources/main.o
 .debug_macro   0x00000000       0x40 ./Sources/main.o
 .data          0x00000000        0x0 ./Project_Settings/Startup_Code/startup_MK60D10.o
 .bss           0x00000000        0x0 ./Project_Settings/Startup_Code/startup_MK60D10.o
 .group         0x00000000        0x8 ./Project_Settings/Startup_Code/system_MK60D10.o
 .group         0x00000000        0x8 ./Project_Settings/Startup_Code/system_MK60D10.o
 .group         0x00000000        0x8 ./Project_Settings/Startup_Code/system_MK60D10.o
 .group         0x00000000        0x8 ./Project_Settings/Startup_Code/system_MK60D10.o
 .group         0x00000000        0x8 ./Project_Settings/Startup_Code/system_MK60D10.o
 .group         0x00000000        0x8 ./Project_Settings/Startup_Code/system_MK60D10.o
 .group         0x00000000        0x8 ./Project_Settings/Startup_Code/system_MK60D10.o
 .group         0x00000000        0x8 ./Project_Settings/Startup_Code/system_MK60D10.o
 .group         0x00000000        0x8 ./Project_Settings/Startup_Code/system_MK60D10.o
 .group         0x00000000        0x8 ./Project_Settings/Startup_Code/system_MK60D10.o
 .group         0x00000000        0x8 ./Project_Settings/Startup_Code/system_MK60D10.o
 .text          0x00000000        0x0 ./Project_Settings/Startup_Code/system_MK60D10.o
 .data          0x00000000        0x0 ./Project_Settings/Startup_Code/system_MK60D10.o
 .bss           0x00000000        0x0 ./Project_Settings/Startup_Code/system_MK60D10.o
 .data.SystemCoreClock
                0x00000000        0x4 ./Project_Settings/Startup_Code/system_MK60D10.o
 .text.SystemCoreClockUpdate
                0x00000000      0x250 ./Project_Settings/Startup_Code/system_MK60D10.o
 .debug_macro   0x00000000      0x84a ./Project_Settings/Startup_Code/system_MK60D10.o
 .debug_macro   0x00000000       0x16 ./Project_Settings/Startup_Code/system_MK60D10.o
 .debug_macro   0x00000000       0x44 ./Project_Settings/Startup_Code/system_MK60D10.o
 .debug_macro   0x00000000      0x209 ./Project_Settings/Startup_Code/system_MK60D10.o
 .debug_macro   0x00000000       0x3b ./Project_Settings/Startup_Code/system_MK60D10.o
 .debug_macro   0x00000000       0x2d ./Project_Settings/Startup_Code/system_MK60D10.o
 .debug_macro   0x00000000       0x26 ./Project_Settings/Startup_Code/system_MK60D10.o
 .debug_macro   0x00000000      0xa99 ./Project_Settings/Startup_Code/system_MK60D10.o
 .debug_macro   0x00000000       0x71 ./Project_Settings/Startup_Code/system_MK60D10.o
 .debug_macro   0x00000000    0x17cf8 ./Project_Settings/Startup_Code/system_MK60D10.o
 .text          0x00000000        0x0 c:/freescale/kds_3.0.0/toolchain/bin/../lib/gcc/arm-none-eabi/4.8.4/../../../../arm-none-eabi/lib/armv7e-m\libg_s.a(lib_a-exit.o)
 .data          0x00000000        0x0 c:/freescale/kds_3.0.0/toolchain/bin/../lib/gcc/arm-none-eabi/4.8.4/../../../../arm-none-eabi/lib/armv7e-m\libg_s.a(lib_a-exit.o)
 .bss           0x00000000        0x0 c:/freescale/kds_3.0.0/toolchain/bin/../lib/gcc/arm-none-eabi/4.8.4/../../../../arm-none-eabi/lib/armv7e-m\libg_s.a(lib_a-exit.o)
 .text          0x00000000        0x0 c:/freescale/kds_3.0.0/toolchain/bin/../lib/gcc/arm-none-eabi/4.8.4/../../../../arm-none-eabi/lib/armv7e-m\libg_s.a(lib_a-impure.o)
 .data          0x00000000        0x0 c:/freescale/kds_3.0.0/toolchain/bin/../lib/gcc/arm-none-eabi/4.8.4/../../../../arm-none-eabi/lib/armv7e-m\libg_s.a(lib_a-impure.o)
 .bss           0x00000000        0x0 c:/freescale/kds_3.0.0/toolchain/bin/../lib/gcc/arm-none-eabi/4.8.4/../../../../arm-none-eabi/lib/armv7e-m\libg_s.a(lib_a-impure.o)
 .data._impure_ptr
                0x00000000        0x4 c:/freescale/kds_3.0.0/toolchain/bin/../lib/gcc/arm-none-eabi/4.8.4/../../../../arm-none-eabi/lib/armv7e-m\libg_s.a(lib_a-impure.o)
 .text          0x00000000        0x0 c:/freescale/kds_3.0.0/toolchain/bin/../lib/gcc/arm-none-eabi/4.8.4/../../../../arm-none-eabi/lib/armv7e-m\libg_s.a(lib_a-init.o)
 .data          0x00000000        0x0 c:/freescale/kds_3.0.0/toolchain/bin/../lib/gcc/arm-none-eabi/4.8.4/../../../../arm-none-eabi/lib/armv7e-m\libg_s.a(lib_a-init.o)
 .bss           0x00000000        0x0 c:/freescale/kds_3.0.0/toolchain/bin/../lib/gcc/arm-none-eabi/4.8.4/../../../../arm-none-eabi/lib/armv7e-m\libg_s.a(lib_a-init.o)
 .text          0x00000000        0x0 c:/freescale/kds_3.0.0/toolchain/bin/../lib/gcc/arm-none-eabi/4.8.4/../../../../arm-none-eabi/lib/armv7e-m\libg_s.a(lib_a-memset.o)
 .data          0x00000000        0x0 c:/freescale/kds_3.0.0/toolchain/bin/../lib/gcc/arm-none-eabi/4.8.4/../../../../arm-none-eabi/lib/armv7e-m\libg_s.a(lib_a-memset.o)
 .bss           0x00000000        0x0 c:/freescale/kds_3.0.0/toolchain/bin/../lib/gcc/arm-none-eabi/4.8.4/../../../../arm-none-eabi/lib/armv7e-m\libg_s.a(lib_a-memset.o)
 .text          0x00000000        0x0 c:/freescale/kds_3.0.0/toolchain/bin/../lib/gcc/arm-none-eabi/4.8.4/../../../../arm-none-eabi/lib/armv7e-m\libnosys.a(_exit.o)
 .data          0x00000000        0x0 c:/freescale/kds_3.0.0/toolchain/bin/../lib/gcc/arm-none-eabi/4.8.4/../../../../arm-none-eabi/lib/armv7e-m\libnosys.a(_exit.o)
 .bss           0x00000000        0x0 c:/freescale/kds_3.0.0/toolchain/bin/../lib/gcc/arm-none-eabi/4.8.4/../../../../arm-none-eabi/lib/armv7e-m\libnosys.a(_exit.o)
 .text          0x00000000        0x0 c:/freescale/kds_3.0.0/toolchain/bin/../lib/gcc/arm-none-eabi/4.8.4/armv7e-m/crtend.o
 .data          0x00000000        0x0 c:/freescale/kds_3.0.0/toolchain/bin/../lib/gcc/arm-none-eabi/4.8.4/armv7e-m/crtend.o
 .bss           0x00000000        0x0 c:/freescale/kds_3.0.0/toolchain/bin/../lib/gcc/arm-none-eabi/4.8.4/armv7e-m/crtend.o
 .eh_frame      0x00000000        0x4 c:/freescale/kds_3.0.0/toolchain/bin/../lib/gcc/arm-none-eabi/4.8.4/armv7e-m/crtend.o
 .text          0x00000000        0x0 c:/freescale/kds_3.0.0/toolchain/bin/../lib/gcc/arm-none-eabi/4.8.4/armv7e-m/crtn.o
 .data          0x00000000        0x0 c:/freescale/kds_3.0.0/toolchain/bin/../lib/gcc/arm-none-eabi/4.8.4/armv7e-m/crtn.o
 .bss           0x00000000        0x0 c:/freescale/kds_3.0.0/toolchain/bin/../lib/gcc/arm-none-eabi/4.8.4/armv7e-m/crtn.o

Memory Configuration

Name             Origin             Length             Attributes
m_interrupts     0x00000000         0x00000400         xr
m_flash_config   0x00000400         0x00000010         xr
m_text           0x00000410         0x0007fbf0         xr
m_data           0x1fff0000         0x00010000         rw
m_data_2         0x20000000         0x00010000         rw
*default*        0x00000000         0xffffffff

Linker script and memory map

LOAD c:/freescale/kds_3.0.0/toolchain/bin/../lib/gcc/arm-none-eabi/4.8.4/armv7e-m/crti.o
LOAD c:/freescale/kds_3.0.0/toolchain/bin/../lib/gcc/arm-none-eabi/4.8.4/armv7e-m/crtbegin.o
LOAD c:/freescale/kds_3.0.0/toolchain/bin/../lib/gcc/arm-none-eabi/4.8.4/../../../../arm-none-eabi/lib/armv7e-m/crt0.o
LOAD ./Sources/Coder.o
LOAD ./Sources/Keyboard.o
LOAD ./Sources/Queue.o
LOAD ./Sources/Speaker.o
LOAD ./Sources/main.o
LOAD ./Project_Settings/Startup_Code/startup_MK60D10.o
LOAD ./Project_Settings/Startup_Code/system_MK60D10.o
LOAD c:/freescale/kds_3.0.0/toolchain/bin/../lib/gcc/arm-none-eabi/4.8.4/../../../../arm-none-eabi/lib/armv7e-m\libstdc++_s.a
LOAD c:/freescale/kds_3.0.0/toolchain/bin/../lib/gcc/arm-none-eabi/4.8.4/../../../../arm-none-eabi/lib/armv7e-m\libm.a
START GROUP
LOAD c:/freescale/kds_3.0.0/toolchain/bin/../lib/gcc/arm-none-eabi/4.8.4/armv7e-m\libgcc.a
LOAD c:/freescale/kds_3.0.0/toolchain/bin/../lib/gcc/arm-none-eabi/4.8.4/../../../../arm-none-eabi/lib/armv7e-m\libg_s.a
LOAD c:/freescale/kds_3.0.0/toolchain/bin/../lib/gcc/arm-none-eabi/4.8.4/../../../../arm-none-eabi/lib/armv7e-m\libc_s.a
END GROUP
START GROUP
LOAD c:/freescale/kds_3.0.0/toolchain/bin/../lib/gcc/arm-none-eabi/4.8.4/armv7e-m\libgcc.a
LOAD c:/freescale/kds_3.0.0/toolchain/bin/../lib/gcc/arm-none-eabi/4.8.4/../../../../arm-none-eabi/lib/armv7e-m\libc_s.a
LOAD c:/freescale/kds_3.0.0/toolchain/bin/../lib/gcc/arm-none-eabi/4.8.4/../../../../arm-none-eabi/lib/armv7e-m\libnosys.a
END GROUP
START GROUP
LOAD c:/freescale/kds_3.0.0/toolchain/bin/../lib/gcc/arm-none-eabi/4.8.4/armv7e-m\libgcc.a
LOAD c:/freescale/kds_3.0.0/toolchain/bin/../lib/gcc/arm-none-eabi/4.8.4/../../../../arm-none-eabi/lib/armv7e-m\libc_s.a
LOAD c:/freescale/kds_3.0.0/toolchain/bin/../lib/gcc/arm-none-eabi/4.8.4/../../../../arm-none-eabi/lib/armv7e-m\libnosys.a
END GROUP
LOAD c:/freescale/kds_3.0.0/toolchain/bin/../lib/gcc/arm-none-eabi/4.8.4/armv7e-m/crtend.o
LOAD c:/freescale/kds_3.0.0/toolchain/bin/../lib/gcc/arm-none-eabi/4.8.4/armv7e-m/crtn.o
                0x00000400                HEAP_SIZE = DEFINED (__heap_size__)?__heap_size__:0x400
                0x00000400                STACK_SIZE = DEFINED (__stack_size__)?__stack_size__:0x400

.interrupts     0x00000000      0x400
                0x00000000                __VECTOR_TABLE = .
                0x00000000                . = ALIGN (0x4)
 *(.isr_vector)
 .isr_vector    0x00000000      0x400 ./Project_Settings/Startup_Code/startup_MK60D10.o
                0x00000000                __isr_vector
                0x00000400                . = ALIGN (0x4)

.flash_config   0x00000400       0x10
                0x00000400                . = ALIGN (0x4)
 *(.FlashConfig)
 .FlashConfig   0x00000400       0x10 ./Project_Settings/Startup_Code/startup_MK60D10.o
                0x00000410                . = ALIGN (0x4)

.text           0x00000410     0x131c
                0x00000410                . = ALIGN (0x4)
 *(.text)
 .text          0x00000410       0x54 c:/freescale/kds_3.0.0/toolchain/bin/../lib/gcc/arm-none-eabi/4.8.4/armv7e-m/crtbegin.o
 .text          0x00000464       0x74 c:/freescale/kds_3.0.0/toolchain/bin/../lib/gcc/arm-none-eabi/4.8.4/../../../../arm-none-eabi/lib/armv7e-m/crt0.o
                0x00000464                _start
                0x00000464                _mainCRTStartup
 .text          0x000004d8       0x30 ./Project_Settings/Startup_Code/startup_MK60D10.o
                0x000004d8                Reset_Handler
                0x00000504                Reserved111_IRQHandler
                0x00000504                DebugMon_Handler
                0x00000504                I2C0_IRQHandler
                0x00000504                HardFault_Handler
                0x00000504                CAN1_ORed_Message_buffer_IRQHandler
                0x00000504                SysTick_Handler
                0x00000504                UART3_RX_TX_IRQHandler
                0x00000504                Reserved114_IRQHandler
                0x00000504                PendSV_Handler
                0x00000504                NMI_Handler
                0x00000504                UART0_RX_TX_IRQHandler
                0x00000504                I2C1_IRQHandler
                0x00000504                DMA2_IRQHandler
                0x00000504                Reserved59_IRQHandler
                0x00000504                ENET_Error_IRQHandler
                0x00000504                CAN0_Tx_Warning_IRQHandler
                0x00000504                PIT0_IRQHandler
                0x00000504                Reserved119_IRQHandler
                0x00000504                CAN0_ORed_Message_buffer_IRQHandler
                0x00000504                CMP2_IRQHandler
                0x00000504                LLWU_IRQHandler
                0x00000504                Reserved116_IRQHandler
                0x00000504                TSI0_IRQHandler
                0x00000504                ENET_Receive_IRQHandler
                0x00000504                ENET_1588_Timer_IRQHandler
                0x00000504                CAN1_Error_IRQHandler
                0x00000504                UART2_RX_TX_IRQHandler
                0x00000504                SWI_IRQHandler
                0x00000504                ADC0_IRQHandler
                0x00000504                UsageFault_Handler
                0x00000504                I2S0_Tx_IRQHandler
                0x00000504                CMT_IRQHandler
                0x00000504                UART4_RX_TX_IRQHandler
                0x00000504                SPI1_IRQHandler
                0x00000504                DefaultISR
                0x00000504                DMA9_IRQHandler
                0x00000504                DMA14_IRQHandler
                0x00000504                CMP1_IRQHandler
                0x00000504                PORTD_IRQHandler
                0x00000504                PORTB_IRQHandler
                0x00000504                UART4_ERR_IRQHandler
                0x00000504                ADC1_IRQHandler
                0x00000504                PIT2_IRQHandler
                0x00000504                I2S0_Rx_IRQHandler
                0x00000504                DMA5_IRQHandler
                0x00000504                RTC_IRQHandler
                0x00000504                PDB0_IRQHandler
                0x00000504                CAN1_Bus_Off_IRQHandler
                0x00000504                CAN0_Rx_Warning_IRQHandler
                0x00000504                FTM1_IRQHandler
                0x00000504                UART5_RX_TX_IRQHandler
                0x00000504                Reserved95_IRQHandler
                0x00000504                UART3_ERR_IRQHandler
                0x00000504                PIT3_IRQHandler
                0x00000504                SDHC_IRQHandler
                0x00000504                RTC_Seconds_IRQHandler
                0x00000504                MCG_IRQHandler
                0x00000504                Reserved108_IRQHandler
                0x00000504                Reserved117_IRQHandler
                0x00000504                UART2_ERR_IRQHandler
                0x00000504                DMA11_IRQHandler
                0x00000504                UART5_ERR_IRQHandler
                0x00000504                Read_Collision_IRQHandler
                0x00000504                DMA7_IRQHandler
                0x00000504                Reserved102_IRQHandler
                0x00000504                ENET_Transmit_IRQHandler
                0x00000504                USBDCD_IRQHandler
                0x00000504                CAN1_Tx_Warning_IRQHandler
                0x00000504                USB0_IRQHandler
                0x00000504                SPI2_IRQHandler
                0x00000504                WDOG_EWM_IRQHandler
                0x00000504                MemManage_Handler
                0x00000504                CAN1_Rx_Warning_IRQHandler
                0x00000504                Reserved115_IRQHandler
                0x00000504                SVC_Handler
                0x00000504                CAN1_Wake_Up_IRQHandler
                0x00000504                Reserved109_IRQHandler
                0x00000504                DMA13_IRQHandler
                0x00000504                DMA3_IRQHandler
                0x00000504                UART0_LON_IRQHandler
                0x00000504                RNG_IRQHandler
                0x00000504                DMA0_IRQHandler
                0x00000504                DMA15_IRQHandler
                0x00000504                DAC0_IRQHandler
                0x00000504                Reserved118_IRQHandler
                0x00000504                CAN0_Error_IRQHandler
                0x00000504                Reserved112_IRQHandler
                0x00000504                DMA4_IRQHandler
                0x00000504                PIT1_IRQHandler
                0x00000504                UART0_ERR_IRQHandler
                0x00000504                DMA_Error_IRQHandler
                0x00000504                LVD_LVW_IRQHandler
                0x00000504                SPI0_IRQHandler
                0x00000504                FTM0_IRQHandler
                0x00000504                PORTA_IRQHandler
                0x00000504                DAC1_IRQHandler
                0x00000504                MCM_IRQHandler
                0x00000504                DMA12_IRQHandler
                0x00000504                FTFL_IRQHandler
                0x00000504                CAN0_Bus_Off_IRQHandler
                0x00000504                PORTE_IRQHandler
                0x00000504                FTM2_IRQHandler
                0x00000504                BusFault_Handler
                0x00000504                DMA8_IRQHandler
                0x00000504                DMA10_IRQHandler
                0x00000504                CAN0_Wake_Up_IRQHandler
                0x00000504                UART1_ERR_IRQHandler
                0x00000504                UART1_RX_TX_IRQHandler
                0x00000504                CMP0_IRQHandler
                0x00000504                PORTC_IRQHandler
                0x00000504                DMA6_IRQHandler
                0x00000504                DMA1_IRQHandler
                0x00000504                Reserved113_IRQHandler
 *(.text*)
 .text.getMorseCodeFromLetter
                0x00000508      0x68c ./Sources/Coder.o
                0x00000508                getMorseCodeFromLetter
 .text.putMorseCodeToQueue
                0x00000b94       0x3c ./Sources/Coder.o
                0x00000b94                putMorseCodeToQueue
 .text.ParseLetter
                0x00000bd0       0x3c ./Sources/Coder.o
                0x00000bd0                ParseLetter
 .text.KeyBoardClear
                0x00000c0c       0x64 ./Sources/Keyboard.o
                0x00000c0c                KeyBoardClear
 .text.KeyboardInit
                0x00000c70       0x50 ./Sources/Keyboard.o
                0x00000c70                KeyboardInit
 .text.GetKey   0x00000cc0       0xc0 ./Sources/Keyboard.o
                0x00000cc0                GetKey
 .text.pushLetter
                0x00000d80       0x20 ./Sources/Keyboard.o
                0x00000d80                pushLetter
 .text.nextState
                0x00000da0       0xc4 ./Sources/Keyboard.o
                0x00000da0                nextState
 .text.KeyboardRead
                0x00000e64      0x37c ./Sources/Keyboard.o
                0x00000e64                KeyboardRead
 .text.QueueInit
                0x000011e0       0x48 ./Sources/Queue.o
                0x000011e0                QueueInit
 .text.NextIndex
                0x00001228       0x30 ./Sources/Queue.o
                0x00001228                NextIndex
 .text.QueueEmpty
                0x00001258       0x2c ./Sources/Queue.o
                0x00001258                QueueEmpty
 .text.QueueFull
                0x00001284       0x30 ./Sources/Queue.o
                0x00001284                QueueFull
 .text.QueueFront
                0x000012b4       0x2c ./Sources/Queue.o
                0x000012b4                QueueFront
 .text.QueueRemove
                0x000012e0       0x30 ./Sources/Queue.o
                0x000012e0                QueueRemove
 .text.QueueGet
                0x00001310       0x34 ./Sources/Queue.o
                0x00001310                QueueGet
 .text.QueueAdd
                0x00001344       0x40 ./Sources/Queue.o
                0x00001344                QueueAdd
 .text.NVIC_EnableIRQ
                0x00001384       0x30 ./Sources/Speaker.o
 .text.LPTMR0Init
                0x000013b4       0x5c ./Sources/Speaker.o
                0x000013b4                LPTMR0Init
 .text.LPTMR0_IRQHandler
                0x00001410       0x50 ./Sources/Speaker.o
                0x00001410                LPTMR0_IRQHandler
 .text.SpeakerInit
                0x00001460       0x50 ./Sources/Speaker.o
                0x00001460                SpeakerInit
 .text.delay    0x000014b0       0x40 ./Sources/Speaker.o
                0x000014b0                delay
 .text.beep     0x000014f0       0x3c ./Sources/Speaker.o
                0x000014f0                beep
 .text.speedUp  0x0000152c       0x2c ./Sources/Speaker.o
                0x0000152c                speedUp
 .text.speedDown
                0x00001558       0x30 ./Sources/Speaker.o
                0x00001558                speedDown
 .text.MCUInit  0x00001588       0x5c ./Sources/main.o
                0x00001588                MCUInit
 .text.main     0x000015e4       0x2c ./Sources/main.o
                0x000015e4                main
 .text.SystemInit
                0x00001610       0x28 ./Project_Settings/Startup_Code/system_MK60D10.o
                0x00001610                SystemInit
 .text.exit     0x00001638       0x28 c:/freescale/kds_3.0.0/toolchain/bin/../lib/gcc/arm-none-eabi/4.8.4/../../../../arm-none-eabi/lib/armv7e-m\libg_s.a(lib_a-exit.o)
                0x00001638                exit
 .text.__libc_init_array
                0x00001660       0x4c c:/freescale/kds_3.0.0/toolchain/bin/../lib/gcc/arm-none-eabi/4.8.4/../../../../arm-none-eabi/lib/armv7e-m\libg_s.a(lib_a-init.o)
                0x00001660                __libc_init_array
 .text.memset   0x000016ac       0x10 c:/freescale/kds_3.0.0/toolchain/bin/../lib/gcc/arm-none-eabi/4.8.4/../../../../arm-none-eabi/lib/armv7e-m\libg_s.a(lib_a-memset.o)
                0x000016ac                memset
 .text._exit    0x000016bc        0x4 c:/freescale/kds_3.0.0/toolchain/bin/../lib/gcc/arm-none-eabi/4.8.4/../../../../arm-none-eabi/lib/armv7e-m\libnosys.a(_exit.o)
                0x000016bc                _exit
 *(.rodata)
 *(.rodata*)
 .rodata.Cols   0x000016c0        0xc ./Sources/Keyboard.o
                0x000016c0                Cols
 .rodata.Rows   0x000016cc       0x10 ./Sources/Keyboard.o
                0x000016cc                Rows
 .rodata.Keyboard
                0x000016dc       0x30 ./Sources/Keyboard.o
                0x000016dc                Keyboard
 .rodata.str1.1
                0x0000170c        0x2 c:/freescale/kds_3.0.0/toolchain/bin/../lib/gcc/arm-none-eabi/4.8.4/../../../../arm-none-eabi/lib/armv7e-m\libg_s.a(lib_a-impure.o)
 *fill*         0x0000170e        0x2 
 .rodata._global_impure_ptr
                0x00001710        0x4 c:/freescale/kds_3.0.0/toolchain/bin/../lib/gcc/arm-none-eabi/4.8.4/../../../../arm-none-eabi/lib/armv7e-m\libg_s.a(lib_a-impure.o)
                0x00001710                _global_impure_ptr
 *(.glue_7)
 .glue_7        0x00000000        0x0 linker stubs
 *(.glue_7t)
 .glue_7t       0x00000000        0x0 linker stubs
 *(.eh_frame)
 .eh_frame      0x00001714        0x0 c:/freescale/kds_3.0.0/toolchain/bin/../lib/gcc/arm-none-eabi/4.8.4/armv7e-m/crtbegin.o
 *(.init)
 .init          0x00001714        0x4 c:/freescale/kds_3.0.0/toolchain/bin/../lib/gcc/arm-none-eabi/4.8.4/armv7e-m/crti.o
                0x00001714                _init
 .init          0x00001718        0x8 c:/freescale/kds_3.0.0/toolchain/bin/../lib/gcc/arm-none-eabi/4.8.4/armv7e-m/crtn.o
 *(.fini)
 .fini          0x00001720        0x4 c:/freescale/kds_3.0.0/toolchain/bin/../lib/gcc/arm-none-eabi/4.8.4/armv7e-m/crti.o
                0x00001720                _fini
 .fini          0x00001724        0x8 c:/freescale/kds_3.0.0/toolchain/bin/../lib/gcc/arm-none-eabi/4.8.4/armv7e-m/crtn.o
                0x0000172c                . = ALIGN (0x4)

.vfp11_veneer   0x0000172c        0x0
 .vfp11_veneer  0x00000000        0x0 linker stubs

.v4_bx          0x0000172c        0x0
 .v4_bx         0x00000000        0x0 linker stubs

.iplt           0x0000172c        0x0
 .iplt          0x00000000        0x0 c:/freescale/kds_3.0.0/toolchain/bin/../lib/gcc/arm-none-eabi/4.8.4/armv7e-m/crtbegin.o

.ARM.extab
 *(.ARM.extab* .gnu.linkonce.armextab.*)

.ARM            0x0000172c        0x8
                0x0000172c                __exidx_start = .
 *(.ARM.exidx*)
 .ARM.exidx     0x0000172c        0x8 c:/freescale/kds_3.0.0/toolchain/bin/../lib/gcc/arm-none-eabi/4.8.4/../../../../arm-none-eabi/lib/armv7e-m/crt0.o
                0x00001734                __exidx_end = .

.rel.dyn        0x00001734        0x0
 .rel.iplt      0x00000000        0x0 c:/freescale/kds_3.0.0/toolchain/bin/../lib/gcc/arm-none-eabi/4.8.4/armv7e-m/crtbegin.o

.ctors          0x00001734        0x0
                0x00001734                __CTOR_LIST__ = .
 *crtbegin.o(.ctors)
 *crtbegin?.o(.ctors)
 *(EXCLUDE_FILE(*crtend.o *crtend?.o) .ctors)
 *(SORT(.ctors.*))
 *(.ctors)
                0x00001734                __CTOR_END__ = .

.dtors          0x00001734        0x0
                0x00001734                __DTOR_LIST__ = .
 *crtbegin.o(.dtors)
 *crtbegin?.o(.dtors)
 *(EXCLUDE_FILE(*crtend.o *crtend?.o) .dtors)
 *(SORT(.dtors.*))
 *(.dtors)
                0x00001734                __DTOR_END__ = .

.preinit_array  0x00001734        0x0
                0x00001734                PROVIDE (__preinit_array_start, .)
 *(.preinit_array*)
                0x00001734                PROVIDE (__preinit_array_end, .)

.init_array     0x00001734        0x4
                0x00001734                PROVIDE (__init_array_start, .)
 *(SORT(.init_array.*))
 *(.init_array*)
 .init_array    0x00001734        0x4 c:/freescale/kds_3.0.0/toolchain/bin/../lib/gcc/arm-none-eabi/4.8.4/armv7e-m/crtbegin.o
                0x00001738                PROVIDE (__init_array_end, .)

.fini_array     0x00001738        0x4
                0x00001738                PROVIDE (__fini_array_start, .)
 *(SORT(.fini_array.*))
 *(.fini_array*)
 .fini_array    0x00001738        0x4 c:/freescale/kds_3.0.0/toolchain/bin/../lib/gcc/arm-none-eabi/4.8.4/armv7e-m/crtbegin.o
                0x0000173c                PROVIDE (__fini_array_end, .)
                0x0000173c                __etext = .
                0x0000173c                __DATA_ROM = .

.data           0x1fff0000       0x64 load address 0x0000173c
                0x1fff0000                . = ALIGN (0x4)
                0x1fff0000                __DATA_RAM = .
                0x1fff0000                __data_start__ = .
 *(.data)
 *(.data*)
 .data.impure_data
                0x1fff0000       0x60 c:/freescale/kds_3.0.0/toolchain/bin/../lib/gcc/arm-none-eabi/4.8.4/../../../../arm-none-eabi/lib/armv7e-m\libg_s.a(lib_a-impure.o)
 *(.jcr*)
 .jcr           0x1fff0060        0x0 c:/freescale/kds_3.0.0/toolchain/bin/../lib/gcc/arm-none-eabi/4.8.4/armv7e-m/crtbegin.o
 .jcr           0x1fff0060        0x4 c:/freescale/kds_3.0.0/toolchain/bin/../lib/gcc/arm-none-eabi/4.8.4/armv7e-m/crtend.o
                0x1fff0064                . = ALIGN (0x4)
                0x1fff0064                __data_end__ = .
                0x000017a0                __DATA_END = (__DATA_ROM + (__data_end__ - __data_start__))

.igot.plt       0x1fff0064        0x0 load address 0x000017a0
 .igot.plt      0x00000000        0x0 c:/freescale/kds_3.0.0/toolchain/bin/../lib/gcc/arm-none-eabi/4.8.4/armv7e-m/crtbegin.o

.bss            0x1fff0064       0xfc load address 0x000017a0
                0x1fff0064                . = ALIGN (0x4)
                0x1fff0064                __START_BSS = .
                0x1fff0064                __bss_start__ = .
 *(.bss)
 .bss           0x1fff0064       0x1c c:/freescale/kds_3.0.0/toolchain/bin/../lib/gcc/arm-none-eabi/4.8.4/armv7e-m/crtbegin.o
 *(.bss*)
 .bss.pressed   0x1fff0080        0x4 ./Sources/Keyboard.o
                0x1fff0080                pressed
 .bss.state.6103
                0x1fff0084        0x4 ./Sources/Keyboard.o
 *(COMMON)
 COMMON         0x1fff0088       0xd8 ./Sources/Coder.o
                0x1fff0088                queue
                0x1fff0158                beep_flag
                0x1fff015c                timeUnit
                0x1fff0160                . = ALIGN (0x4)
                0x1fff0160                __bss_end__ = .
                0x1fff0160                __END_BSS = .

.heap           0x20000000      0x400
                0x20000000                . = ALIGN (0x8)
                0x20000000                __end__ = .
                0x20000000                PROVIDE (end, .)
                0x20000000                __HeapBase = .
                0x20000400                . = (. + HEAP_SIZE)
 *fill*         0x20000000      0x400 
                0x20000400                __HeapLimit = .

.stack          0x20000400      0x400
                0x20000400                . = ALIGN (0x8)
                0x20000800                . = (. + STACK_SIZE)
 *fill*         0x20000400      0x400 
                0x20010000                __StackTop = (ORIGIN (m_data_2) + 0x10000)
                0x2000fc00                __StackLimit = (__StackTop - STACK_SIZE)
                0x20010000                PROVIDE (__stack, __StackTop)

.ARM.attributes
                0x00000000       0x2a
 *(.ARM.attributes)
 .ARM.attributes
                0x00000000       0x1e c:/freescale/kds_3.0.0/toolchain/bin/../lib/gcc/arm-none-eabi/4.8.4/armv7e-m/crti.o
 .ARM.attributes
                0x0000001e       0x2e c:/freescale/kds_3.0.0/toolchain/bin/../lib/gcc/arm-none-eabi/4.8.4/armv7e-m/crtbegin.o
 .ARM.attributes
                0x0000004c       0x1c c:/freescale/kds_3.0.0/toolchain/bin/../lib/gcc/arm-none-eabi/4.8.4/../../../../arm-none-eabi/lib/armv7e-m/crt0.o
 .ARM.attributes
                0x00000068       0x33 ./Sources/Coder.o
 .ARM.attributes
                0x0000009b       0x33 ./Sources/Keyboard.o
 .ARM.attributes
                0x000000ce       0x33 ./Sources/Queue.o
 .ARM.attributes
                0x00000101       0x33 ./Sources/Speaker.o
 .ARM.attributes
                0x00000134       0x33 ./Sources/main.o
 .ARM.attributes
                0x00000167       0x1b ./Project_Settings/Startup_Code/startup_MK60D10.o
 .ARM.attributes
                0x00000182       0x33 ./Project_Settings/Startup_Code/system_MK60D10.o
 .ARM.attributes
                0x000001b5       0x2e c:/freescale/kds_3.0.0/toolchain/bin/../lib/gcc/arm-none-eabi/4.8.4/../../../../arm-none-eabi/lib/armv7e-m\libg_s.a(lib_a-exit.o)
 .ARM.attributes
                0x000001e3       0x2e c:/freescale/kds_3.0.0/toolchain/bin/../lib/gcc/arm-none-eabi/4.8.4/../../../../arm-none-eabi/lib/armv7e-m\libg_s.a(lib_a-impure.o)
 .ARM.attributes
                0x00000211       0x2e c:/freescale/kds_3.0.0/toolchain/bin/../lib/gcc/arm-none-eabi/4.8.4/../../../../arm-none-eabi/lib/armv7e-m\libg_s.a(lib_a-init.o)
 .ARM.attributes
                0x0000023f       0x2e c:/freescale/kds_3.0.0/toolchain/bin/../lib/gcc/arm-none-eabi/4.8.4/../../../../arm-none-eabi/lib/armv7e-m\libg_s.a(lib_a-memset.o)
 .ARM.attributes
                0x0000026d       0x2e c:/freescale/kds_3.0.0/toolchain/bin/../lib/gcc/arm-none-eabi/4.8.4/../../../../arm-none-eabi/lib/armv7e-m\libnosys.a(_exit.o)
 .ARM.attributes
                0x0000029b       0x2e c:/freescale/kds_3.0.0/toolchain/bin/../lib/gcc/arm-none-eabi/4.8.4/armv7e-m/crtend.o
 .ARM.attributes
                0x000002c9       0x1e c:/freescale/kds_3.0.0/toolchain/bin/../lib/gcc/arm-none-eabi/4.8.4/armv7e-m/crtn.o
                0x00000001                ASSERT ((__StackLimit >= __HeapLimit), region m_data_2 overflowed with stack and heap)
OUTPUT(Projekt.elf elf32-littlearm)

.debug_info     0x00000000     0x1b8f
 .debug_info    0x00000000      0x202 ./Sources/Coder.o
 .debug_info    0x00000202      0x423 ./Sources/Keyboard.o
 .debug_info    0x00000625      0x1ef ./Sources/Queue.o
 .debug_info    0x00000814      0x96a ./Sources/Speaker.o
 .debug_info    0x0000117e      0x4ee ./Sources/main.o
 .debug_info    0x0000166c       0x86 ./Project_Settings/Startup_Code/startup_MK60D10.o
 .debug_info    0x000016f2      0x49d ./Project_Settings/Startup_Code/system_MK60D10.o

.debug_abbrev   0x00000000      0x848
 .debug_abbrev  0x00000000      0x122 ./Sources/Coder.o
 .debug_abbrev  0x00000122      0x188 ./Sources/Keyboard.o
 .debug_abbrev  0x000002aa      0x141 ./Sources/Queue.o
 .debug_abbrev  0x000003eb      0x1f9 ./Sources/Speaker.o
 .debug_abbrev  0x000005e4      0x136 ./Sources/main.o
 .debug_abbrev  0x0000071a       0x14 ./Project_Settings/Startup_Code/startup_MK60D10.o
 .debug_abbrev  0x0000072e      0x11a ./Project_Settings/Startup_Code/system_MK60D10.o

.debug_aranges  0x00000000      0x198
 .debug_aranges
                0x00000000       0x30 ./Sources/Coder.o
 .debug_aranges
                0x00000030       0x48 ./Sources/Keyboard.o
 .debug_aranges
                0x00000078       0x58 ./Sources/Queue.o
 .debug_aranges
                0x000000d0       0x58 ./Sources/Speaker.o
 .debug_aranges
                0x00000128       0x28 ./Sources/main.o
 .debug_aranges
                0x00000150       0x20 ./Project_Settings/Startup_Code/startup_MK60D10.o
 .debug_aranges
                0x00000170       0x28 ./Project_Settings/Startup_Code/system_MK60D10.o

.debug_ranges   0x00000000      0x118
 .debug_ranges  0x00000000       0x20 ./Sources/Coder.o
 .debug_ranges  0x00000020       0x38 ./Sources/Keyboard.o
 .debug_ranges  0x00000058       0x48 ./Sources/Queue.o
 .debug_ranges  0x000000a0       0x48 ./Sources/Speaker.o
 .debug_ranges  0x000000e8       0x18 ./Sources/main.o
 .debug_ranges  0x00000100       0x18 ./Project_Settings/Startup_Code/system_MK60D10.o

.debug_macro    0x00000000    0x1a429
 .debug_macro   0x00000000      0x15c ./Sources/Coder.o
 .debug_macro   0x0000015c      0x84a ./Sources/Coder.o
 .debug_macro   0x000009a6       0x58 ./Sources/Coder.o
 .debug_macro   0x000009fe       0x16 ./Sources/Coder.o
 .debug_macro   0x00000a14       0x35 ./Sources/Coder.o
 .debug_macro   0x00000a49       0xa3 ./Sources/Coder.o
 .debug_macro   0x00000aec      0x166 ./Sources/Coder.o
 .debug_macro   0x00000c52       0x4a ./Sources/Coder.o
 .debug_macro   0x00000c9c       0x52 ./Sources/Coder.o
 .debug_macro   0x00000cee       0x16 ./Sources/Coder.o
 .debug_macro   0x00000d04       0x43 ./Sources/Coder.o
 .debug_macro   0x00000d47      0x180 ./Sources/Coder.o
 .debug_macro   0x00000ec7      0x2a6 ./Sources/Coder.o
 .debug_macro   0x0000116d       0x10 ./Sources/Coder.o
 .debug_macro   0x0000117d       0x35 ./Sources/Coder.o
 .debug_macro   0x000011b2       0x16 ./Sources/Coder.o
 .debug_macro   0x000011c8      0x20f ./Sources/Coder.o
 .debug_macro   0x000013d7       0x53 ./Sources/Coder.o
 .debug_macro   0x0000142a       0x3b ./Sources/Coder.o
 .debug_macro   0x00001465       0x2d ./Sources/Coder.o
 .debug_macro   0x00001492       0x26 ./Sources/Coder.o
 .debug_macro   0x000014b8      0xa99 ./Sources/Coder.o
 .debug_macro   0x00001f51       0x71 ./Sources/Coder.o
 .debug_macro   0x00001fc2    0x17cf8 ./Sources/Coder.o
 .debug_macro   0x00019cba       0x1c ./Sources/Coder.o
 .debug_macro   0x00019cd6      0x17b ./Sources/Keyboard.o
 .debug_macro   0x00019e51       0x44 ./Sources/Keyboard.o
 .debug_macro   0x00019e95      0x209 ./Sources/Keyboard.o
 .debug_macro   0x0001a09e       0x40 ./Sources/Keyboard.o
 .debug_macro   0x0001a0de       0x2a ./Sources/Queue.o
 .debug_macro   0x0001a108       0xb5 ./Sources/Speaker.o
 .debug_macro   0x0001a1bd      0x17f ./Sources/main.o
 .debug_macro   0x0001a33c       0x88 ./Project_Settings/Startup_Code/system_MK60D10.o
 .debug_macro   0x0001a3c4       0x65 ./Project_Settings/Startup_Code/system_MK60D10.o

.debug_line     0x00000000     0x11ff
 .debug_line    0x00000000      0x383 ./Sources/Coder.o
 .debug_line    0x00000383      0x475 ./Sources/Keyboard.o
 .debug_line    0x000007f8      0x139 ./Sources/Queue.o
 .debug_line    0x00000931      0x2e8 ./Sources/Speaker.o
 .debug_line    0x00000c19      0x309 ./Sources/main.o
 .debug_line    0x00000f22       0x78 ./Project_Settings/Startup_Code/startup_MK60D10.o
 .debug_line    0x00000f9a      0x265 ./Project_Settings/Startup_Code/system_MK60D10.o

.debug_str      0x00000000    0x931f4
 .debug_str     0x00000000    0x9278a ./Sources/Coder.o
                              0x92963 (size before relaxing)
 .debug_str     0x0009278a      0x188 ./Sources/Keyboard.o
                              0x92a83 (size before relaxing)
 .debug_str     0x00092912       0x65 ./Sources/Queue.o
                               0x2761 (size before relaxing)
 .debug_str     0x00092977      0x769 ./Sources/Speaker.o
                              0x90f20 (size before relaxing)
 .debug_str     0x000930e0       0x9d ./Sources/main.o
                              0x92afc (size before relaxing)
 .debug_str     0x0009317d       0x77 ./Project_Settings/Startup_Code/system_MK60D10.o
                              0x90516 (size before relaxing)

.comment        0x00000000       0x70
 .comment       0x00000000       0x70 ./Sources/Coder.o
                                 0x71 (size before relaxing)
 .comment       0x00000000       0x71 ./Sources/Keyboard.o
 .comment       0x00000000       0x71 ./Sources/Queue.o
 .comment       0x00000000       0x71 ./Sources/Speaker.o
 .comment       0x00000000       0x71 ./Sources/main.o
 .comment       0x00000000       0x71 ./Project_Settings/Startup_Code/system_MK60D10.o

.debug_frame    0x00000000      0x44c
 .debug_frame   0x00000000       0x78 ./Sources/Coder.o
 .debug_frame   0x00000078       0xc8 ./Sources/Keyboard.o
 .debug_frame   0x00000140      0x104 ./Sources/Queue.o
 .debug_frame   0x00000244       0xec ./Sources/Speaker.o
 .debug_frame   0x00000330       0x44 ./Sources/main.o
 .debug_frame   0x00000374       0x44 ./Project_Settings/Startup_Code/system_MK60D10.o
 .debug_frame   0x000003b8       0x28 c:/freescale/kds_3.0.0/toolchain/bin/../lib/gcc/arm-none-eabi/4.8.4/../../../../arm-none-eabi/lib/armv7e-m\libg_s.a(lib_a-exit.o)
 .debug_frame   0x000003e0       0x2c c:/freescale/kds_3.0.0/toolchain/bin/../lib/gcc/arm-none-eabi/4.8.4/../../../../arm-none-eabi/lib/armv7e-m\libg_s.a(lib_a-init.o)
 .debug_frame   0x0000040c       0x20 c:/freescale/kds_3.0.0/toolchain/bin/../lib/gcc/arm-none-eabi/4.8.4/../../../../arm-none-eabi/lib/armv7e-m\libg_s.a(lib_a-memset.o)
 .debug_frame   0x0000042c       0x20 c:/freescale/kds_3.0.0/toolchain/bin/../lib/gcc/arm-none-eabi/4.8.4/../../../../arm-none-eabi/lib/armv7e-m\libnosys.a(_exit.o)
